QuantFX clean source-and-results reproducibility log
2026-08-26T10:56:39Z
Linux 87cd0e940adf 6.1.102 #1 SMP PREEMPT_DYNAMIC Tue Mar 25 09:02:46 UTC 2025 x86_64 x86_64 x86_64 GNU/Linux
Python 3.12.3
NASM version 2.16.01
GNU Make 4.3
Validation
python_syntax=PASS
make_check=PASS
documentation_install=PASS
qemu_firmware=QEMU_SKIPPED
hardware_interrupt_executed=false
privileged_trip_executed=false
Artifact SHA-256
8cec75d53cde2c2afce75bfb77d5bc03066212ca7946839413dfd757e9937268  BENCHMARK_REPORT.md
1c49be6deff29b4c0ce7e417e330b208c4d44bfe0c700a376911a955bbd3cf7b  benchmark_sources.md
aa42defe38706df73e91a77c971ada5cf06bc23e59f3f2226f46be99822f082c  README.md
16f468dbac401f21e908875cc89573d791024cc1128bbd3df7caf4f51d9cb3a2  Makefile
8593ab58bc62f41a626c3ec9fedb0ed29984c704b27e01a74af316b5fd974077  .gitignore
a5ae4b8e3014b15d752ed7bb7e7df3722e74577c02116cbd05d4c746c66748e7  docs/architecture.md
1447b2d9e292ffe2478051911e056cf14a5ca7237a48a20eee8ac53e42c5e86d  docs/usage.md
792ba11bf395b666ecd33d62a6ccb413cb7957e3b370a24405766ac1c511ff7e  research/real_shortfall_benchmark.py
28a647f0faee32182b9ba432a165245c6ee30c0effa3a8191edeee7c6ed5e0e9  research/parquet_walk_forward.py
795ddf72bb94156b81129e2138d5084334ffa9fd0315338323378718a33cd6ea  research/make_benchmark_visuals.py
4e8a081f01ff67e69de8ef06e88492bf56dc2f7ac3c4d57f8675e7a7abe96724  research/benchmark_security_checks.py
5df6be908cf1c67c8cdd2c9ebb1055ad87949451bce775c9c384610ee6b24455  tests/kill_switch_checks.sh
a391abcb86ba5be324b1e781a750c33bc76e12dbe6b0f170255a6e5d93ee62f8  tests/kill_switch_harness.asm
acfa11cc52a109c9e5690a0657f8ed6917b4edcee3ce81ddcfe169119c981e20  results/parquet_manifest.json
ffece0e7c758d403d332b096c7754fa0fa2d69c4b33f4d8d242a6ab2ce06ebf3  results/shortfall.json
9f895f58e54fd0297b2dd43b19f9689b97e637079e83588a364bf7b483509676  results/walk_forward.json
5e055697573c5395963141e36d07692e7662ba50de36990b0f1bf74095a6331a  results/benchmark_summary.json
50d222c32b596f307aecacffb00da4f48d943a02ca0305090631d5600a8637e4  results/audit_kill_switch.json
3dd306a5e1454384cd1918c74a96353b3e72bc73b55718aa68ab4defda857a28  results/reproducibility.json
e52d3d3c401a99bc34a1cf96adebf51f41ed26e97f353c10bf98d7f462dbc489  figures/shortfall_by_broker.png
2143fcb9de6628efa5a23446549bef2f934f99d8c936547df3cd998b8e56e9b5  figures/routing_share.png
ff7fed2705347c0203bad48aeefac6a897dfba73c936d98283a867458eb41fbc  figures/oos_alpha_decay.png
